// Jest Snapshot v1, https://goo.gl/fbAQLP

exports[`<Farm /> renders farm unchanged 1`] = `null`;

exports[`<Index /> renders homepage unchanged 1`] = `
<div
  className="pages__StyledWrapper-sc-tddur0-0 tYBfw"
>
  <main
    className="pages__StyledMain-sc-tddur0-1"
  >
    <header
      className="Header__StyledHeader-sc-k859ru-0 iRENco"
    >
      <picture
        className="Header__StyledHeaderLogo-sc-k859ru-1 iRvyht"
      >
        <div
          style={
            Object {
              "boxSizing": "border-box",
              "display": "inline-block",
              "margin": 0,
              "maxWidth": "100%",
              "overflow": "hidden",
              "position": "relative",
            }
          }
        >
          <div
            style={
              Object {
                "boxSizing": "border-box",
                "display": "block",
                "maxWidth": "100%",
              }
            }
          >
            <img
              alt=""
              aria-hidden={true}
              src="data:image/svg+xml;base64,PHN2ZyB3aWR0aD0iMTI1IiBoZWlnaHQ9IjEyNSIgeG1sbnM9Imh0dHA6Ly93d3cudzMub3JnLzIwMDAvc3ZnIiB2ZXJzaW9uPSIxLjEiLz4="
              style={
                Object {
                  "border": "none",
                  "display": "block",
                  "margin": 0,
                  "maxWidth": "100%",
                  "padding": 0,
                }
              }
            />
          </div>
          <img
            alt="SHTFI logo"
            data-nimg="intrinsic"
            decoding="async"
            src="data:image/gif;base64,R0lGODlhAQABAIAAAAAAAP///yH5BAEAAAAALAAAAAABAAEAAAIBRAA7"
            style={
              Object {
                "border": "none",
                "bottom": 0,
                "boxSizing": "border-box",
                "display": "block",
                "height": 0,
                "left": 0,
                "margin": "auto",
                "maxHeight": "100%",
                "maxWidth": "100%",
                "minHeight": "100%",
                "minWidth": "100%",
                "objectFit": undefined,
                "objectPosition": undefined,
                "padding": 0,
                "position": "absolute",
                "right": 0,
                "top": 0,
                "width": 0,
              }
            }
          />
          <noscript>
            <img
              alt="SHTFI logo"
              data-nimg="intrinsic"
              decoding="async"
              loading="lazy"
              src="/_next/image?url=%2Fassets%2Ficons%2Fshtfi%2Fshtfi-bg.svg&w=256&q=75"
              srcSet="/_next/image?url=%2Fassets%2Ficons%2Fshtfi%2Fshtfi-bg.svg&w=128&q=75 1x, /_next/image?url=%2Fassets%2Ficons%2Fshtfi%2Fshtfi-bg.svg&w=256&q=75 2x"
              style={
                Object {
                  "border": "none",
                  "bottom": 0,
                  "boxSizing": "border-box",
                  "display": "block",
                  "height": 0,
                  "left": 0,
                  "margin": "auto",
                  "maxHeight": "100%",
                  "maxWidth": "100%",
                  "minHeight": "100%",
                  "minWidth": "100%",
                  "objectFit": undefined,
                  "objectPosition": undefined,
                  "padding": 0,
                  "position": "absolute",
                  "right": 0,
                  "top": 0,
                  "width": 0,
                }
              }
            />
          </noscript>
        </div>
      </picture>
      <div
        className="Header__StyledHeaderContent-sc-k859ru-2 bonaFM"
      >
        <h1>
          SHTFI
        </h1>
        <p>
          Open Source Yield Farming and Defi Protocol
        </p>
        <div
          className="SocialLinks__StyledSocialLinks-sc-1ts488y-0 fxCZUI"
        />
      </div>
    </header>
    <section
      className="IntroSection__StyledIntroSection-sc-1e6ymzb-0 hQoFC"
      id="intro"
    >
      <h2
        className="Heading__H2-sc-1n3vzci-1 eSuOyG"
      >
        Yield Farming Like Never Before
      </h2>
      <p>
        SHTFI is a brand new yield farming and defi protocol with a unique distribution mechanism which will see 0 pre-mine and 0 dev fund.
      </p>
    </section>
    <section
      className="Tokenomics__StyledTokenomics-sc-12yavak-0 gNAiJh"
      id="tokenomics"
    >
      <div
        className="Tokenomics__StyledTokenomicsContent-sc-12yavak-1 hNQFxb"
      >
        <h2
          className="Heading__H2-sc-1n3vzci-1 eSuOyG"
        >
          Tokenomics
        </h2>
        <div
          className="Tokenomics__StyledTokenomicsData-sc-12yavak-2 bRGlBE"
          data-large="true"
        >
          <span>
            0
          </span>
          <h4>
            Dev Fund
          </h4>
        </div>
        <div
          className="Tokenomics__StyledTokenomicsData-sc-12yavak-2 bRGlBE"
          data-large="true"
        >
          <span>
            0
          </span>
          <h4>
            Pre Mine
          </h4>
        </div>
        <div
          className="Tokenomics__StyledTokenomicsData-sc-12yavak-2 bRGlBE"
          data-large="true"
        >
          <span>
            0
          </span>
          <h4>
            Marketing
          </h4>
        </div>
        <div
          className="Tokenomics__StyledTokenomicsData-sc-12yavak-2 bRGlBE"
          data-large="true"
        >
          <span>
            222,222
          </span>
          <h4>
            Max Supply
          </h4>
        </div>
        <div
          className="Tokenomics__StyledTokenomicsData-sc-12yavak-2 bRGlBE"
          data-large="true"
        >
          <span>
            100%
          </span>
          <h4>
            SHTFI Farm
          </h4>
        </div>
      </div>
    </section>
    <section
      className="FeaturesSection__StyledFeaturesSection-sc-1rxht1h-0 ikjAoG"
    >
      <div
        className="FeaturesSection__StyledCardSection-sc-1rxht1h-1 gMSnZs"
        id="features"
      >
        <div
          className="Card__StyledCard-sc-19xhe45-0 bfdsLg"
        >
          <div
            className="FeaturesSection__StyledCardContent-sc-1rxht1h-2 hdTAGf"
          >
            <div
              style={
                Object {
                  "boxSizing": "border-box",
                  "display": "inline-block",
                  "margin": 0,
                  "maxWidth": "100%",
                  "overflow": "hidden",
                  "position": "relative",
                }
              }
            >
              <div
                style={
                  Object {
                    "boxSizing": "border-box",
                    "display": "block",
                    "maxWidth": "100%",
                  }
                }
              >
                <img
                  alt=""
                  aria-hidden={true}
                  src="data:image/svg+xml;base64,PHN2ZyB3aWR0aD0iMTAwIiBoZWlnaHQ9IjEwMCIgeG1sbnM9Imh0dHA6Ly93d3cudzMub3JnLzIwMDAvc3ZnIiB2ZXJzaW9uPSIxLjEiLz4="
                  style={
                    Object {
                      "border": "none",
                      "display": "block",
                      "margin": 0,
                      "maxWidth": "100%",
                      "padding": 0,
                    }
                  }
                />
              </div>
              <img
                alt="SHTFI toilet roll"
                data-nimg="intrinsic"
                decoding="async"
                src="data:image/gif;base64,R0lGODlhAQABAIAAAAAAAP///yH5BAEAAAAALAAAAAABAAEAAAIBRAA7"
                style={
                  Object {
                    "border": "none",
                    "bottom": 0,
                    "boxSizing": "border-box",
                    "display": "block",
                    "height": 0,
                    "left": 0,
                    "margin": "auto",
                    "maxHeight": "100%",
                    "maxWidth": "100%",
                    "minHeight": "100%",
                    "minWidth": "100%",
                    "objectFit": undefined,
                    "objectPosition": undefined,
                    "padding": 0,
                    "position": "absolute",
                    "right": 0,
                    "top": 0,
                    "width": 0,
                  }
                }
              />
              <noscript>
                <img
                  alt="SHTFI toilet roll"
                  data-nimg="intrinsic"
                  decoding="async"
                  loading="lazy"
                  src="/_next/image?url=%2Fassets%2Ficons%2Fshtfi%2Ftoilet-roll.svg&w=256&q=75"
                  srcSet="/_next/image?url=%2Fassets%2Ficons%2Fshtfi%2Ftoilet-roll.svg&w=128&q=75 1x, /_next/image?url=%2Fassets%2Ficons%2Fshtfi%2Ftoilet-roll.svg&w=256&q=75 2x"
                  style={
                    Object {
                      "border": "none",
                      "bottom": 0,
                      "boxSizing": "border-box",
                      "display": "block",
                      "height": 0,
                      "left": 0,
                      "margin": "auto",
                      "maxHeight": "100%",
                      "maxWidth": "100%",
                      "minHeight": "100%",
                      "minWidth": "100%",
                      "objectFit": undefined,
                      "objectPosition": undefined,
                      "padding": 0,
                      "position": "absolute",
                      "right": 0,
                      "top": 0,
                      "width": 0,
                    }
                  }
                />
              </noscript>
            </div>
            <h3
              className="Heading__H3-sc-1n3vzci-2 jNenAk"
              style={
                Object {
                  "marginTop": 0,
                }
              }
            >
              NFTs? Why not!?
            </h3>
            <p>
              The SHTFI protocol will not be without its own set of useless NFTs which, in reality, mean nothing whatsoever. That doesnt mean you cant still tell yourself you own a unique picture of poop which no-one else has!
            </p>
            <button
              className="Button__StyledButton-sc-9q0s2c-0 iYdTtK"
              color="blue"
              data-type="modal-open"
              onClick={[Function]}
              size="large"
            >
              But, Why?
            </button>
            <div
              aria-hidden={true}
              className="Modal__StyledModalWrapper-sc-19pkxm0-0 bjigMf"
              data-type="wrapper"
              onClick={[Function]}
            >
              <span
                className="Modal__StyledUnderlay-sc-19pkxm0-1 flsNfz"
                data-type="underlay"
              />
              <aside
                aria-hidden={true}
                className="Modal__StyledModal-sc-19pkxm0-2 eufCoz"
              >
                <div>
                  <h4
                    className="Heading__H4-sc-1n3vzci-3 crxgEm"
                  >
                    Because we can!
                  </h4>
                  <p>
                    NFTs have become all the rage for reasons that are beyond the point of fungibility and the SHTFI protocol is all about being pointless. So lets do it! Lets make some NFTs!
                  </p>
                </div>
                <button
                  className="Button__StyledButton-sc-9q0s2c-0 dawuiH"
                  color="blue"
                  data-type="modal-close"
                  onClick={[Function]}
                  size="med"
                >
                  Close
                </button>
              </aside>
            </div>
          </div>
        </div>
      </div>
      <div
        className="FeaturesSection__StyledSliderSection-sc-1rxht1h-3 dxKhux"
        id="about"
      >
        <h2
          className="Heading__H2-sc-1n3vzci-1 eSuOyG"
        >
          What is SHTFI?
        </h2>
        <div
          className="Slider__StyledSlider-sc-xmb16q-0 hTpsgu"
        >
          <div
            className="Slider__StyledSlides-sc-xmb16q-1 cKWpYB"
          >
            <div
              className="Slider__StyledSlide-sc-xmb16q-2"
            >
              <div>
                <div
                  className="TextIcon__StyledWrapper-sc-17ldqsc-0 cMAoTk"
                >
                  <svg
                    fill="currentColor"
                    height={50}
                    stroke="currentColor"
                    strokeWidth="0"
                    style={
                      Object {
                        "color": undefined,
                      }
                    }
                    viewBox="0 0 512 512"
                    width={50}
                    xmlns="http://www.w3.org/2000/svg"
                  >
                    <path
                      d="M379.42 24.066l-28.059 87.407 28.268 5.941-3.098 15.352-52.25 47.843-51.5-43.125-23.404-4.093c8.217-14.33 14.683-32.77 16.404-49.594 10.02-2.28 34.92-5.675 46.094-10.059-4.997-10.285-30.197-16.906-48.7-16.316-1.733-20.713-8.88-29.054-34.155-27.902-25.276 1.151-32.972 6.601-30.16 36.423-18.866 4.127-38.097 12.616-39.74 27.084 7.87-.307 32.96-2.896 40.724-3.011.66 14.1 4.4 27.847 9.97 36.375l-35.158-6.125L106 195.922l77.344 55.875 1.625 16.844-34.19 215.75h38.375l38.315-169.25 47.873 169.25h37.47l-3.564-16.407 17.094 16.407 63.062-322.532c5.01-4.54 9.265-8.481 12.094-11.312.177-10.537-2.537-18.942-5.094-24.5l.971-4.902 27.238 5.724 8.444-93.117-22.846 68.781-10.848-2.256 6.635-72.658-21.568 69.55-11.217-2.333 6.207-70.77zm26.578 3.553l.002-.01h-.002v.01zM182.844 153.39l.344 64.095-31.5-23.75 31.156-40.345zm88.031 21.252l50.875 45.937s22.993-19.456 44.875-38.531l-57.438 285.562-42.812-197.529 4.5-95.44z"
                    />
                  </svg>
                  <h4
                    className="TextIcon__StyledHeading-sc-17ldqsc-1 bUGUqr"
                  >
                    Crypto Farm
                  </h4>
                  <p
                    className="TextIcon__StyledCopy-sc-17ldqsc-2 dkqrcv"
                  >
                    The most open and, probably, shit crypto farm of all time. Our smart contract was NOT forked from another major project and, as a result, is probably full of vulnerabilities. 
                  </p>
                </div>
              </div>
            </div>
          </div>
          <nav
            className="Slider__StyledNav-sc-xmb16q-3 eUNoA-D"
          >
            <button
              className="Button__StyledButton-sc-9q0s2c-0 iYdTtK"
              color="blue"
              disabled={true}
              onClick={[Function]}
              size="large"
            >
              &lt;
            </button>
            <button
              className="Button__StyledButton-sc-9q0s2c-0 iYdTtK"
              color="blue"
              disabled={false}
              onClick={[Function]}
              size="large"
            >
              &gt;
            </button>
          </nav>
        </div>
      </div>
    </section>
  </main>
</div>
`;
