// Jest Snapshot v1, https://goo.gl/fbAQLP

exports[`renders homepage unchanged 1`] = `
<div
  className="pages__StyledWrapper-sc-tddur0-0 tYBfw"
>
  <main
    className="pages__StyledMain-sc-tddur0-1"
  >
    <header
      className="Header__StyledHeader-sc-1w0zh9p-0 ffLIaS"
    >
      <picture
        className="Header__StyledHeaderLogo-sc-1w0zh9p-1 iSwAar"
      >
        <img
          alt="SHTFI logo"
          height={75}
          src="/assets/icons/shtfi-bg.svg"
          width={75}
        />
      </picture>
      <div
        className="Header__StyledHeaderContent-sc-1w0zh9p-2 dqiudk"
      >
        <h1>
          SHTFI
        </h1>
        <p>
          Stop Helping The Finance Industry
        </p>
      </div>
    </header>
    <section
      className="pages__StyledIntroSection-sc-tddur0-2 kLaTRX"
    >
      <div
        className="Shapes__StyledWrapper-sc-4pweu7-0 dVnVci"
        data-bg={true}
        data-size="small"
      >
        <div
          className="Shapes__StyledShape-sc-4pweu7-1 LABoh"
          data-shape="squares"
        >
          <span />
          <span />
          <span />
          <span />
        </div>
      </div>
      <h2>
        We're Shit and We Know We Are
      </h2>
      <p>
        Nulla aliqua et Lorem ullamco cillum sunt proident. Occaecat labore ipsum nisi fugiat sint ipsum dolore nostrud nostrud eiusmod aliquip. Duis magna ea dolor sunt irure adipisicing ea duis. Sunt elit est fugiat proident occaecat. Et laboris labore ea anim fugiat exercitation irure dolore veniam.
      </p>
    </section>
    <section
      className="pages__StyledCardSection-sc-tddur0-3 gtJANQ"
    >
      <div
        className="Card__StyledCard-sc-1tba087-0 dYpAGa"
      >
        <div
          className="Shapes__StyledWrapper-sc-4pweu7-0 dVnVci"
          data-bg={false}
          data-size="tiny"
          style={
            Object {
              "margin": "calc(var(--large-space) * 2) auto",
            }
          }
        >
          <div
            className="Shapes__StyledShape-sc-4pweu7-1 LABoh"
            data-shape="squares"
          >
            <span />
            <span />
            <span />
            <span />
          </div>
        </div>
        <div
          className="pages__StyledCardContent-sc-tddur0-4 fuKkqv"
        >
          <h3
            style={
              Object {
                "marginTop": 0,
              }
            }
          >
            Something
          </h3>
          <p>
            Minim do sit exercitation ut est irure amet aute sint id ea sunt sint. Enim et elit exercitation officia id aliquip magna.
          </p>
          <button
            className="Button__StyledButton-sc-9q0s2c-0 dwSieL"
            color="blue"
            onClick={[Function]}
            size="large"
          >
            CTA
          </button>
        </div>
      </div>
    </section>
  </main>
</div>
`;
